// Vitest Snapshot v1

exports[`Footer Component > should render the component 1`] = `
<body>
  <div>
    <footer
      data-testid="footer-component"
    >
      <div
        class="container"
      >
        <a
          class="logo-font"
          href="/"
        >
          conduit
        </a>
         
        <span
          class="attribution"
        >
          An interactive learning project from 
          <a
            href="https://thinkster.io"
          >
            Thinkster
          </a>
          . Code &
			design licensed under MIT.
        </span>
      </div>
    </footer>
    <!--&lt;Footer&gt;-->
  </div>
</body>
`;
